Flutter crash report.
Please report a bug at https://github.com/flutter/flutter/issues.

## command

flutter run -d macos

## exception

FileSystemException: FileSystemException: readInto failed, path = '/Users/marinaskegro/Documents/FlutterProjects/habit_tracker/.flutter-plugins-dependencies' (OS Error: Operation timed out, errno = 60)

```
#0      _RandomAccessFile.readIntoSync (dart:io/file_impl.dart:948:7)
#1      _File.readAsBytesSync (dart:io/file_impl.dart:683:35)
#2      _File.readAsStringSync (dart:io/file_impl.dart:719:18)
#3      ForwardingFile.readAsStringSync (package:file/src/forwarding/forwarding_file.dart:99:16)
#4      ErrorHandlingFile.readAsStringSync.<anonymous closure> (package:flutter_tools/src/base/error_handling_io.dart:212:22)
#5      _runSync (package:flutter_tools/src/base/error_handling_io.dart:552:14)
#6      ErrorHandlingFile.readAsStringSync (package:flutter_tools/src/base/error_handling_io.dart:211:12)
#7      _readFileContent (package:flutter_tools/src/flutter_plugins.dart:391:35)
#8      _detectFlutterPluginsListChanges (package:flutter_tools/src/flutter_plugins.dart:281:47)
#9      _writeFlutterPluginsList (package:flutter_tools/src/flutter_plugins.dart:257:57)
#10     refreshPluginsList (package:flutter_tools/src/flutter_plugins.dart:1185:24)
<asynchronous suspension>
#11     FlutterProject.ensureReadyForPlatformSpecificTooling (package:flutter_tools/src/project.dart:376:5)
<asynchronous suspension>
#12     FlutterCommand.regeneratePlatformSpecificToolingIfApplicable (package:flutter_tools/src/runner/flutter_command.dart:1936:5)
<asynchronous suspension>
#13     FlutterCommand.verifyThenRunCommand (package:flutter_tools/src/runner/flutter_command.dart:1892:7)
<asynchronous suspension>
#14     FlutterCommand.run.<anonymous closure> (package:flutter_tools/src/runner/flutter_command.dart:1581:27)
<asynchronous suspension>
#15     AppContext.run.<anonymous closure> (package:flutter_tools/src/base/context.dart:154:19)
<asynchronous suspension>
#16     CommandRunner.runCommand (package:args/command_runner.dart:212:13)
<asynchronous suspension>
#17     FlutterCommandRunner.runCommand.<anonymous closure> (package:flutter_tools/src/runner/flutter_command_runner.dart:503:9)
<asynchronous suspension>
#18     AppContext.run.<anonymous closure> (package:flutter_tools/src/base/context.dart:154:19)
<asynchronous suspension>
#19     FlutterCommandRunner.runCommand (package:flutter_tools/src/runner/flutter_command_runner.dart:438:5)
<asynchronous suspension>
#20     run.<anonymous closure>.<anonymous closure> (package:flutter_tools/runner.dart:98:11)
<asynchronous suspension>
#21     AppContext.run.<anonymous closure> (package:flutter_tools/src/base/context.dart:154:19)
<asynchronous suspension>
#22     main (package:flutter_tools/executable.dart:101:3)
<asynchronous suspension>
```

## flutter doctor

```
[32m[✓][39m Flutter (Channel stable, 3.35.7, on macOS 26.0 25A354 darwin-arm64, locale
    en-GB) [268ms]
    [32m•[39m Flutter version 3.35.7 on channel stable at /Users/marinaskegro/flutter
    [32m•[39m Upstream repository https://github.com/flutter/flutter.git
    [32m•[39m Framework revision adc9010625 (4 months ago), 2025-10-21 14:16:03 -0400
    [32m•[39m Engine revision 035316565a
    [32m•[39m Dart version 3.9.2
    [32m•[39m DevTools version 2.48.0
    [32m•[39m Feature flags: enable-web, enable-linux-desktop, enable-macos-desktop,
      enable-windows-desktop, enable-android, enable-ios, cli-animations,
      enable-lldb-debugging

[31m[✗][39m Android toolchain - develop for Android devices [199ms]
    [31m✗[39m Unable to locate Android SDK.
      Install Android Studio from:
      https://developer.android.com/studio/index.html
      On first launch it will assist you in installing the Android SDK
      components.
      (or visit https://flutter.dev/to/macos-android-setup for detailed
      instructions).
      If the Android SDK has been installed to a custom location, please use
      `flutter config --android-sdk` to update to that location.


[32m[✓][39m Xcode - develop for iOS and macOS (Xcode 26.0.1) [2.3s]
    [32m•[39m Xcode at /Applications/Xcode.app/Contents/Developer
    [32m•[39m Build 17A400
    [32m•[39m CocoaPods version 1.16.2

[32m[✓][39m Chrome - develop for the web [6ms]
    [32m•[39m Chrome at /Applications/Google Chrome.app/Contents/MacOS/Google Chrome

[33m[!][39m Android Studio (not installed) [5ms]
    [32m•[39m Android Studio not found; download from
      https://developer.android.com/studio/index.html
      (or visit https://flutter.dev/to/macos-android-setup for detailed
      instructions).

[32m[✓][39m VS Code (version 1.107.1) [5ms]
    [32m•[39m VS Code at /Applications/Visual Studio Code.app/Contents
    [32m•[39m Flutter extension version 3.126.0

[32m[✓][39m VS Code (version 1.104.0) [4ms]
    [32m•[39m VS Code at /Volumes/seagate/DOCUMENTS- SEAGATE/SPRING 1 YEAR/PROCEDURAL
      PROGRMMING/Visual Studio Code.app/Contents
    [32m•[39m Flutter extension version 3.126.0

[32m[✓][39m Connected device (2 available) [13.5s]
    [32m•[39m macOS (desktop) • macos  • darwin-arm64   • macOS 26.0 25A354 darwin-arm64
    [32m•[39m Chrome (web)    • chrome • web-javascript • Google Chrome 144.0.7559.133

[32m[✓][39m Network resources [299ms]
    [32m•[39m All expected network resources are available.

[33m![39m Doctor found issues in 2 categories.
```
